// Jest Snapshot v1, https://goo.gl/fbAQLP

exports[`Templates BaseSetcodePillComponent should render properly 1`] = `
<Pill
  content={
    <Styled(div)
      alignItems="center"
      display="flex"
      fontSize={
        Array [
          1,
        ]
      }
      minWidth="10px"
      mx={
        Array [
          2,
        ]
      }
      position="relative"
    >
      <Styled(div)
        fontSize={
          Array [
            1,
          ]
        }
      >
        SHA256[ 
        <b>
          7941cb07924fdc7b710e11d98d82850e89566e1c3cb980517ffe4b430f86dfd5
        </b>
         ] set for account
         
        <MonospaceTextLink
          fontSize={
            Array [
              1,
            ]
          }
          to="/account/account"
        >
          account
        </MonospaceTextLink>
      </Styled(div)>
    </Styled(div)>
  }
  expandButtonBgColor="#8d939a"
  expandButtonColor="#fff"
  headerBgColor="#8d939a"
  headerHoverTitle="hovetTitle"
  headerText="text"
  pill2={
    <Styled(div)
      bg="#eaeff5"
      display="flex"
      position="relative"
    >
      <Styled(div)
        alignSelf="center"
        color="text"
        fontSize={
          Array [
            1,
          ]
        }
        px={
          Array [
            2,
          ]
        }
      >
        title
      </Styled(div)>
    </Styled(div)>
  }
  renderExpandedContent={[Function]}
  renderInfo={[Function]}
/>
`;


exports[`Templates BuyRamBytesPillComponent should render properly 1`] = `
<Pill
  content={
    <Styled(div)
      alignItems="center"
      display="flex"
      fontSize={
        Array [
          1,
        ]
      }
      minHeight="26px"
      minWidth="10px"
      mx={
        Array [
          2,
        ]
      }
      position="relative"
    >
      <Translate(BaseFormattedText)
        fields={
          Array [
            Object {
              "name": "payer",
              "type": "accountLink",
              "value": "payer",
            },
            Object {
              "name": "bytes",
              "type": "bold",
              "value": "150 B",
            },
            Object {
              "name": "receiver",
              "type": "accountLink",
              "value": "receiver",
            },
          ]
        }
        fontSize={
          Array [
            1,
          ]
        }
        i18nKey="pillTemplates.buyrambytes.summary"
      />
    </Styled(div)>
  }
  expandButtonBgColor="#8d939a"
  expandButtonColor="#fff"
  headerBgColor="#8d939a"
  headerHoverTitle="hovetTitle"
  headerText="text"
  pill2={
    <Styled(div)
      bg="#eaeff5"
      display="flex"
      position="relative"
    >
      <Styled(div)
        alignSelf="center"
        color="text"
        fontSize={
          Array [
            1,
          ]
        }
        px={
          Array [
            2,
          ]
        }
      >
        title
      </Styled(div)>
    </Styled(div)>
  }
  renderExpandedContent={[Function]}
  renderInfo={[Function]}
/>
`;

exports[`Templates BuyRamPillComponent should render properly 1`] = `
<Pill
  content={
    <Styled(div)
      alignItems="center"
      display="flex"
      fontSize={
        Array [
          1,
        ]
      }
      minHeight="26px"
      minWidth="10px"
      mx={
        Array [
          2,
        ]
      }
      position="relative"
    >
      <Translate(BaseFormattedText)
        fields={
          Array [
            Object {
              "name": "payer",
              "type": "accountLink",
              "value": "payer",
            },
            Object {
              "name": "amountEOS",
              "type": "bold",
              "value": "20.0000 EOS",
            },
            Object {
              "name": "receiver",
              "type": "accountLink",
              "value": "receiver",
            },
          ]
        }
        fontSize={
          Array [
            1,
          ]
        }
        i18nKey="pillTemplates.buyram.summary"
      />
    </Styled(div)>
  }
  expandButtonBgColor="#8d939a"
  expandButtonColor="#fff"
  headerBgColor="#8d939a"
  headerHoverTitle="hovetTitle"
  headerText="text"
  pill2={
    <Styled(div)
      bg="#eaeff5"
      display="flex"
      position="relative"
    >
      <Styled(div)
        alignSelf="center"
        color="text"
        fontSize={
          Array [
            1,
          ]
        }
        px={
          Array [
            2,
          ]
        }
      >
        title
      </Styled(div)>
    </Styled(div)>
  }
  renderExpandedContent={[Function]}
  renderInfo={[Function]}
/>
`;

exports[`Templates ClaimRewardsPillComponent should render properly 1`] = `
<Pill
  content={
    <Styled(div)
      alignItems="center"
      display="flex"
      fontSize={
        Array [
          1,
        ]
      }
      minWidth="10px"
      mx={
        Array [
          2,
        ]
      }
      position="relative"
    >
      <KeyValueFormatEllipsis
        content="owner: owner"
      />
    </Styled(div)>
  }
  expandButtonBgColor="#8d939a"
  expandButtonColor="#fff"
  headerBgColor="#8d939a"
  headerHoverTitle="hovetTitle"
  headerText="text"
  pill2={
    <Styled(div)
      bg="#eaeff5"
      display="flex"
      position="relative"
    >
      <Styled(div)
        alignSelf="center"
        color="text"
        fontSize={
          Array [
            1,
          ]
        }
        px={
          Array [
            2,
          ]
        }
      >
        title
      </Styled(div)>
    </Styled(div)>
  }
  renderExpandedContent={[Function]}
  renderInfo={[Function]}
/>
`;

exports[`Templates DelegateBandwidthPillComponent should render properly 1`] = `
<Pill
  content={
    <Styled(div)
      alignItems="center"
      display="flex"
      fontSize={
        Array [
          1,
        ]
      }
      minHeight="26px"
      minWidth="10px"
      mx={
        Array [
          2,
        ]
      }
      position="relative"
    >
      <Translate(BaseFormattedText)
        fields={
          Array [
            Object {
              "name": "from",
              "type": "accountLink",
              "value": "from",
            },
            Object {
              "name": "amountCPU",
              "type": "bold",
              "value": "20.0000 EOS",
            },
            Object {
              "name": "amountNET",
              "type": "bold",
              "value": "10.0000 EOS",
            },
            Object {
              "name": "to",
              "type": "accountLink",
              "value": "receiver",
            },
          ]
        }
        fontSize={
          Array [
            1,
          ]
        }
        i18nKey="pillTemplates.delegatebw.summary"
      />
    </Styled(div)>
  }
  expandButtonBgColor="#8d939a"
  expandButtonColor="#fff"
  headerBgColor="#8d939a"
  headerHoverTitle="hovetTitle"
  headerText="text"
  pill2={
    <Styled(div)
      bg="#eaeff5"
      display="flex"
      position="relative"
    >
      <Styled(div)
        alignSelf="center"
        color="text"
        fontSize={
          Array [
            1,
          ]
        }
        px={
          Array [
            2,
          ]
        }
      >
        title
      </Styled(div)>
    </Styled(div)>
  }
  renderExpandedContent={[Function]}
  renderInfo={[Function]}
/>
`;

exports[`Templates GenericPillComponent should render properly 1`] = `
<Pill
  content={
    <Styled(div)
      alignItems="center"
      display="flex"
      fontSize={
        Array [
          1,
        ]
      }
      minWidth="10px"
      mx={
        Array [
          2,
        ]
      }
      position="relative"
    >
      <KeyValueFormatEllipsis
        content="random_field: random_field other_field: other_field"
      />
    </Styled(div)>
  }
  expandButtonBgColor="#8d939a"
  expandButtonColor="#fff"
  headerBgColor="#8d939a"
  headerHoverTitle="hovetTitle"
  headerText="text"
  pill2={
    <Styled(div)
      bg="#eaeff5"
      display="flex"
      position="relative"
    >
      <Styled(div)
        alignSelf="center"
        color="text"
        fontSize={
          Array [
            1,
          ]
        }
        px={
          Array [
            2,
          ]
        }
      >
        title
      </Styled(div)>
    </Styled(div)>
  }
  renderExpandedContent={[Function]}
  renderInfo={[Function]}
/>
`;

exports[`Templates GenericPillComponent should render properly when no data and no hex data present 1`] = `
<Pill
  content={
    <Styled(div)
      alignItems="center"
      display="flex"
      fontSize={
        Array [
          1,
        ]
      }
      minWidth="10px"
      mx={
        Array [
          2,
        ]
      }
      position="relative"
    >
      <KeyValueFormatEllipsis
        content=""
      />
    </Styled(div)>
  }
  expandButtonBgColor="#8d939a"
  expandButtonColor="#fff"
  headerBgColor="#8d939a"
  headerHoverTitle="hovetTitle"
  headerText="text"
  pill2={
    <Styled(div)
      bg="#eaeff5"
      display="flex"
      position="relative"
    >
      <Styled(div)
        alignSelf="center"
        color="text"
        fontSize={
          Array [
            1,
          ]
        }
        px={
          Array [
            2,
          ]
        }
      >
        title
      </Styled(div)>
    </Styled(div)>
  }
  renderExpandedContent={[Function]}
  renderInfo={[Function]}
/>
`;

exports[`Templates GenericPillComponent should render properly when no data but hex data present 1`] = `
<Pill
  content={
    <Styled(div)
      alignItems="center"
      display="flex"
      fontSize={
        Array [
          1,
        ]
      }
      minWidth="10px"
      mx={
        Array [
          2,
        ]
      }
      position="relative"
    >
      <KeyValueFormatEllipsis
        content="hex_data"
      />
    </Styled(div)>
  }
  expandButtonBgColor="#8d939a"
  expandButtonColor="#fff"
  headerBgColor="#8d939a"
  headerHoverTitle="hovetTitle"
  headerText="text"
  pill2={
    <Styled(div)
      bg="#eaeff5"
      display="flex"
      position="relative"
    >
      <Styled(div)
        alignSelf="center"
        color="text"
        fontSize={
          Array [
            1,
          ]
        }
        px={
          Array [
            2,
          ]
        }
      >
        title
      </Styled(div)>
    </Styled(div)>
  }
  renderExpandedContent={[Function]}
  renderInfo={[Function]}
/>
`;

exports[`Templates IssuePillComponent should render properly 1`] = `
<Pill
  content={
    <TransferBox
      amount="10.0000 EOS"
      from="zswhq"
      to="eoscanadacom"
    />
  }
  expandButtonBgColor="#8d939a"
  expandButtonColor="#fff"
  headerBgColor="#8d939a"
  headerHoverTitle="hovetTitle"
  headerText="text"
  pill2={
    <Styled(div)
      bg="#eaeff5"
      display="flex"
      position="relative"
    >
      <Styled(div)
        alignSelf="center"
        color="text"
        fontSize={
          Array [
            1,
          ]
        }
        px={
          Array [
            2,
          ]
        }
      >
        title
      </Styled(div)>
    </Styled(div)>
  }
  renderExpandedContent={[Function]}
  renderInfo={[Function]}
/>
`;

exports[`Templates LinkAuthPillComponent should render properly 1`] = `
<Pill
  content={
    <Styled(div)
      alignItems="center"
      display="flex"
      fontSize={
        Array [
          1,
        ]
      }
      minHeight="26px"
      minWidth="10px"
      mx={
        Array [
          2,
        ]
      }
      position="relative"
    >
      <Translate(BaseFormattedText)
        fields={
          Array [
            Object {
              "name": "account",
              "type": "accountLink",
              "value": "eoscanadacom",
            },
            Object {
              "name": "requirement",
              "type": "bold",
              "value": "requirement",
            },
            Object {
              "name": "type",
              "type": "bold",
              "value": "type",
            },
            Object {
              "name": "code",
              "type": "accountLink",
              "value": undefined,
            },
          ]
        }
        fontSize={
          Array [
            1,
          ]
        }
        i18nKey="pillTemplates.linkauth.summary"
      />
    </Styled(div)>
  }
  expandButtonBgColor="#8d939a"
  expandButtonColor="#fff"
  headerBgColor="#8d939a"
  headerHoverTitle="hovetTitle"
  headerText="text"
  pill2={
    <Styled(div)
      bg="#eaeff5"
      display="flex"
      position="relative"
    >
      <Styled(div)
        alignSelf="center"
        color="text"
        fontSize={
          Array [
            1,
          ]
        }
        px={
          Array [
            2,
          ]
        }
      >
        title
      </Styled(div)>
    </Styled(div)>
  }
  renderExpandedContent={[Function]}
  renderInfo={[Function]}
/>
`;

exports[`Templates NewAccountPillComponent should render properly 1`] = `
<Pill
  content={
    <Styled(div)
      alignItems="center"
      display="flex"
      fontSize={
        Array [
          1,
        ]
      }
      minHeight="26px"
      minWidth="10px"
      mx={
        Array [
          2,
        ]
      }
      position="relative"
    >
      <Translate(BaseFormattedText)
        fields={
          Array [
            Object {
              "name": "creator",
              "type": "accountLink",
              "value": "eoscanadacom",
            },
            Object {
              "name": "name",
              "type": "accountLink",
              "value": "newaccount",
            },
          ]
        }
        fontSize={
          Array [
            1,
          ]
        }
        i18nKey="pillTemplates.newaccount.summary"
      />
    </Styled(div)>
  }
  expandButtonBgColor="#8d939a"
  expandButtonColor="#fff"
  headerBgColor="#8d939a"
  headerHoverTitle="hovetTitle"
  headerText="text"
  pill2={
    <Styled(div)
      bg="#eaeff5"
      display="flex"
      position="relative"
    >
      <Styled(div)
        alignSelf="center"
        color="text"
        fontSize={
          Array [
            1,
          ]
        }
        px={
          Array [
            2,
          ]
        }
      >
        title
      </Styled(div)>
    </Styled(div)>
  }
  renderExpandedContent={[Function]}
  renderInfo={[Function]}
/>
`;

exports[`Templates RefundPillComponent should render properly 1`] = `
<Pill
  content={
    <Styled(div)
      alignItems="center"
      display="flex"
      fontSize={
        Array [
          1,
        ]
      }
      minWidth="10px"
      mx={
        Array [
          2,
        ]
      }
      position="relative"
    >
      <KeyValueFormatEllipsis
        content="owner: newaccount"
      />
    </Styled(div)>
  }
  expandButtonBgColor="#8d939a"
  expandButtonColor="#fff"
  headerBgColor="#8d939a"
  headerHoverTitle="hovetTitle"
  headerText="text"
  pill2={
    <Styled(div)
      bg="#eaeff5"
      display="flex"
      position="relative"
    >
      <Styled(div)
        alignSelf="center"
        color="text"
        fontSize={
          Array [
            1,
          ]
        }
        px={
          Array [
            2,
          ]
        }
      >
        title
      </Styled(div)>
    </Styled(div)>
  }
  renderExpandedContent={[Function]}
  renderInfo={[Function]}
/>
`;

exports[`Templates RegProxyPillComponent should render properly 1`] = `
<Pill
  content={
    <Styled(div)
      alignItems="center"
      display="flex"
      fontSize={
        Array [
          1,
        ]
      }
      minWidth="10px"
      mx={
        Array [
          2,
        ]
      }
      position="relative"
    >
      <Translate(BaseFormattedText)
        fields={
          Array [
            Object {
              "name": "account",
              "type": "accountLink",
              "value": "testing",
            },
          ]
        }
        fontSize={
          Array [
            1,
          ]
        }
        i18nKey="pillTemplates.regProxy.summaryUnreg"
      />
    </Styled(div)>
  }
  expandButtonBgColor="#8d939a"
  expandButtonColor="#fff"
  headerBgColor="#8d939a"
  headerHoverTitle="hovetTitle"
  headerText="text"
  pill2={
    <Styled(div)
      bg="#eaeff5"
      display="flex"
      position="relative"
    >
      <Styled(div)
        alignSelf="center"
        color="text"
        fontSize={
          Array [
            1,
          ]
        }
        px={
          Array [
            2,
          ]
        }
      >
        title
      </Styled(div)>
    </Styled(div)>
  }
  renderExpandedContent={[Function]}
  renderInfo={[Function]}
/>
`;

exports[`Templates TransferPillComponent should render properly 1`] = `
<Pill
  content={
    <TransferBox
      amount="2.000 EOS"
      from="from"
      to="to"
    />
  }
  expandButtonBgColor="#8d939a"
  expandButtonColor="#fff"
  headerBgColor="#8d939a"
  headerHoverTitle="hovetTitle"
  headerText="text"
  pill2={
    <Styled(div)
      bg="traceActionSendBackground"
      display="flex"
      position="relative"
    >
      <Styled(div)
        alignSelf="center"
        color="text"
        fontSize={
          Array [
            1,
          ]
        }
        px={
          Array [
            2,
          ]
        }
      >
        title
      </Styled(div)>
    </Styled(div)>
  }
  renderExpandedContent={[Function]}
  renderInfo={[Function]}
/>
`;

exports[`Templates UnDelegateBandwidthPillComponent should render properly 1`] = `
<Pill
  content={
    <Styled(div)
      alignItems="center"
      display="flex"
      fontSize={
        Array [
          1,
        ]
      }
      minHeight="26px"
      minWidth="10px"
      mx={
        Array [
          2,
        ]
      }
      position="relative"
    >
      <Translate(BaseFormattedText)
        fields={
          Array [
            Object {
              "name": "from",
              "type": "accountLink",
              "value": "from",
            },
            Object {
              "name": "amountCPU",
              "type": "bold",
              "value": "2.000 EOS",
            },
            Object {
              "name": "amountNET",
              "type": "bold",
              "value": "1.000 EOS",
            },
          ]
        }
        fontSize={
          Array [
            1,
          ]
        }
        i18nKey="pillTemplates.undelegatebw.summary"
      />
    </Styled(div)>
  }
  expandButtonBgColor="#8d939a"
  expandButtonColor="#fff"
  headerBgColor="#8d939a"
  headerHoverTitle="hovetTitle"
  headerText="text"
  pill2={
    <Styled(div)
      bg="#eaeff5"
      display="flex"
      position="relative"
    >
      <Styled(div)
        alignSelf="center"
        color="text"
        fontSize={
          Array [
            1,
          ]
        }
        px={
          Array [
            2,
          ]
        }
      >
        title
      </Styled(div)>
    </Styled(div)>
  }
  renderExpandedContent={[Function]}
  renderInfo={[Function]}
/>
`;

exports[`Templates UpdateAuthPillComponent should render properly 1`] = `
<Pill
  content={
    <Styled(div)
      alignItems="center"
      display="flex"
      fontSize={
        Array [
          1,
        ]
      }
      minHeight="26px"
      minWidth="10px"
      mx={
        Array [
          2,
        ]
      }
      position="relative"
    >
      <Translate(BaseFormattedText)
        fields={
          Array [
            Object {
              "name": "account",
              "type": "accountLink",
              "value": undefined,
            },
            Object {
              "name": "permission",
              "type": "bold",
              "value": "permission",
            },
          ]
        }
        fontSize={
          Array [
            1,
          ]
        }
        i18nKey="pillTemplates.updateauth.summary"
      />
    </Styled(div)>
  }
  expandButtonBgColor="#8d939a"
  expandButtonColor="#fff"
  headerBgColor="#8d939a"
  headerHoverTitle="hovetTitle"
  headerText="text"
  pill2={
    <Styled(div)
      bg="#eaeff5"
      display="flex"
      position="relative"
    >
      <Styled(div)
        alignSelf="center"
        color="text"
        fontSize={
          Array [
            1,
          ]
        }
        px={
          Array [
            2,
          ]
        }
      >
        title
      </Styled(div)>
    </Styled(div)>
  }
  renderExpandedContent={[Function]}
  renderInfo={[Function]}
/>
`;

exports[`Templates VotePillComponent should render properly 1`] = `
<Pill
  content={
    <Styled(div)
      alignItems="center"
      display="flex"
      fontSize={
        Array [
          1,
        ]
      }
      minHeight="26px"
      minWidth="10px"
      mx={
        Array [
          2,
        ]
      }
      position="relative"
    >
      <Translate(BaseFormattedText)
        fields={
          Array [
            Object {
              "name": "account",
              "type": "accountLink",
              "value": "voter",
            },
          ]
        }
        fontSize={
          Array [
            1,
          ]
        }
        i18nKey="pillTemplates.voteForBp.summary"
      />
    </Styled(div)>
  }
  expandButtonBgColor="#8d939a"
  expandButtonColor="#fff"
  headerBgColor="#8d939a"
  headerHoverTitle="hovetTitle"
  headerText="text"
  pill2={
    <Styled(div)
      bg="#eaeff5"
      display="flex"
      position="relative"
    >
      <Styled(div)
        alignSelf="center"
        color="text"
        fontSize={
          Array [
            1,
          ]
        }
        px={
          Array [
            2,
          ]
        }
      >
        title
      </Styled(div)>
    </Styled(div)>
  }
  renderExpandedContent={[Function]}
  renderInfo={[Function]}
/>
`;
