[
  {
    "trx_id": "a1",
    "data": {
      "account": "zswhq",
      "action": "onerror",
      "block_num": 1,
      "db": {
        "key": [
          "producers/eosio/eoshuobipool"
        ],
        "table": [
          "producers",
          "producers/eosio"
        ]
      },
      "input": true,
      "notif": false,
      "receiver": "zswhq",
      "scheduled": false,
      "trx_idx": 0
    }
  }
]