[
  {
    "trx_id": "a1",
    "data": {
      "account": "zswhq",
      "action": "transfer",
      "block_num": 1,
      "data": {
        "to": "zswhq"
      },
      "input": true,
      "notif": true,
      "receiver": "battlefield1",
      "scheduled": false,
      "trx_idx": 0
    }
  },
  {
    "trx_id": "a2",
    "data": {
      "account": "account",
      "action": "random",
      "block_num": 1,
      "data": {
        "proposer": "zswhq"
      },
      "input": true,
      "notif": true,
      "receiver": "other",
      "scheduled": false,
      "trx_idx": 1
    }
  }
]