[
  {
    "trxIdPrefix": "trx1",
    "blockNum": 4,
    "cursor": "1:4::trx1",
    "chainSpecific": {
      "type_url": "type.googleapis.com/dfuse.eosio.search.v1.Match",
      "value": "CgEA"
    },
    "irrBlockNum": 4
  }
]