// Jest Snapshot v1, https://goo.gl/fbAQLP

exports[`page account-detail renders error component if store has error 1`] = `<DataLoading />`;
